[INFO] Scanning for projects...
[INFO] 
[INFO] ----------------------------< com.wms:WMS >-----------------------------
[INFO] Building WMS 0.0.1-SNAPSHOT
[INFO]   from pom.xml
[INFO] --------------------------------[ jar ]---------------------------------
[INFO] 
[INFO] --- clean:3.3.2:clean (default-clean) @ WMS ---
[INFO] Deleting D:\SLIIT\WMS\target
[INFO] 
[INFO] --- resources:3.3.1:resources (default-resources) @ WMS ---
[INFO] Copying 1 resource from src\main\resources to target\classes
[INFO] Copying 29 resources from src\main\resources to target\classes
[INFO] 
[INFO] --- compiler:3.11.0:compile (default-compile) @ WMS ---
[INFO] Changes detected - recompiling the module! :source
[INFO] Compiling 36 source files with javac [debug release 17] to target\classes
[INFO] -------------------------------------------------------------
[ERROR] COMPILATION ERROR : 
[INFO] -------------------------------------------------------------
[ERROR] /D:/SLIIT/WMS/src/main/java/com/wms/service/PdfService.java:[4,28] package com.lowagie.text.pdf does not exist
[ERROR] /D:/SLIIT/WMS/src/main/java/com/wms/service/PdfService.java:[3,19] package com.lowagie.text does not exist
[ERROR] /D:/SLIIT/WMS/src/main/java/com/wms/service/PdfService.java:[15,9] cannot find symbol
  symbol:   class Document
  location: class com.wms.service.PdfService
[ERROR] /D:/SLIIT/WMS/src/main/java/com/wms/service/PdfService.java:[15,33] cannot find symbol
  symbol:   class Document
  location: class com.wms.service.PdfService
[ERROR] /D:/SLIIT/WMS/src/main/java/com/wms/service/PdfService.java:[15,42] cannot find symbol
  symbol:   variable PageSize
  location: class com.wms.service.PdfService
[ERROR] /D:/SLIIT/WMS/src/main/java/com/wms/service/PdfService.java:[16,9] cannot find symbol
  symbol:   variable PdfWriter
  location: class com.wms.service.PdfService
[ERROR] /D:/SLIIT/WMS/src/main/java/com/wms/service/PdfService.java:[21,9] cannot find symbol
  symbol:   class Font
  location: class com.wms.service.PdfService
[ERROR] /D:/SLIIT/WMS/src/main/java/com/wms/service/PdfService.java:[21,46] cannot find symbol
  symbol:   variable FontFactory
  location: class com.wms.service.PdfService
[ERROR] /D:/SLIIT/WMS/src/main/java/com/wms/service/PdfService.java:[21,26] cannot find symbol
  symbol:   variable FontFactory
  location: class com.wms.service.PdfService
[ERROR] /D:/SLIIT/WMS/src/main/java/com/wms/service/PdfService.java:[23,9] cannot find symbol
  symbol:   class Paragraph
  location: class com.wms.service.PdfService
[ERROR] /D:/SLIIT/WMS/src/main/java/com/wms/service/PdfService.java:[23,31] cannot find symbol
  symbol:   class Paragraph
  location: class com.wms.service.PdfService
[ERROR] /D:/SLIIT/WMS/src/main/java/com/wms/service/PdfService.java:[24,28] cannot find symbol
  symbol:   variable Paragraph
  location: class com.wms.service.PdfService
[ERROR] /D:/SLIIT/WMS/src/main/java/com/wms/service/PdfService.java:[27,9] cannot find symbol
  symbol:   class Paragraph
  location: class com.wms.service.PdfService
[ERROR] /D:/SLIIT/WMS/src/main/java/com/wms/service/PdfService.java:[27,34] cannot find symbol
  symbol:   class Paragraph
  location: class com.wms.service.PdfService
[ERROR] /D:/SLIIT/WMS/src/main/java/com/wms/service/PdfService.java:[27,92] cannot find symbol
  symbol:   variable FontFactory
  location: class com.wms.service.PdfService
[ERROR] /D:/SLIIT/WMS/src/main/java/com/wms/service/PdfService.java:[27,72] cannot find symbol
  symbol:   variable FontFactory
  location: class com.wms.service.PdfService
[ERROR] /D:/SLIIT/WMS/src/main/java/com/wms/service/PdfService.java:[28,31] cannot find symbol
  symbol:   variable Paragraph
  location: class com.wms.service.PdfService
[ERROR] /D:/SLIIT/WMS/src/main/java/com/wms/service/PdfService.java:[33,26] cannot find symbol
  symbol:   class Paragraph
  location: class com.wms.service.PdfService
[ERROR] /D:/SLIIT/WMS/src/main/java/com/wms/service/PdfService.java:[34,26] cannot find symbol
  symbol:   class Paragraph
  location: class com.wms.service.PdfService
[ERROR] /D:/SLIIT/WMS/src/main/java/com/wms/service/PdfService.java:[37,9] cannot find symbol
  symbol:   class Font
  location: class com.wms.service.PdfService
[ERROR] /D:/SLIIT/WMS/src/main/java/com/wms/service/PdfService.java:[37,46] cannot find symbol
  symbol:   variable FontFactory
  location: class com.wms.service.PdfService
[ERROR] /D:/SLIIT/WMS/src/main/java/com/wms/service/PdfService.java:[37,26] cannot find symbol
  symbol:   variable FontFactory
  location: class com.wms.service.PdfService
[ERROR] /D:/SLIIT/WMS/src/main/java/com/wms/service/PdfService.java:[38,9] cannot find symbol
  symbol:   class Font
  location: class com.wms.service.PdfService
[ERROR] /D:/SLIIT/WMS/src/main/java/com/wms/service/PdfService.java:[38,46] cannot find symbol
  symbol:   variable FontFactory
  location: class com.wms.service.PdfService
[ERROR] /D:/SLIIT/WMS/src/main/java/com/wms/service/PdfService.java:[38,26] cannot find symbol
  symbol:   variable FontFactory
  location: class com.wms.service.PdfService
[ERROR] /D:/SLIIT/WMS/src/main/java/com/wms/service/PdfService.java:[40,26] cannot find symbol
  symbol:   class Paragraph
  location: class com.wms.service.PdfService
[ERROR] /D:/SLIIT/WMS/src/main/java/com/wms/service/PdfService.java:[41,26] cannot find symbol
  symbol:   class Paragraph
  location: class com.wms.service.PdfService
[ERROR] /D:/SLIIT/WMS/src/main/java/com/wms/service/PdfService.java:[42,26] cannot find symbol
  symbol:   class Paragraph
  location: class com.wms.service.PdfService
[ERROR] /D:/SLIIT/WMS/src/main/java/com/wms/service/PdfService.java:[43,26] cannot find symbol
  symbol:   class Paragraph
  location: class com.wms.service.PdfService
[ERROR] /D:/SLIIT/WMS/src/main/java/com/wms/service/PdfService.java:[44,26] cannot find symbol
  symbol:   class Paragraph
  location: class com.wms.service.PdfService
[ERROR] /D:/SLIIT/WMS/src/main/java/com/wms/service/PdfService.java:[47,9] cannot find symbol
  symbol:   class Paragraph
  location: class com.wms.service.PdfService
[ERROR] /D:/SLIIT/WMS/src/main/java/com/wms/service/PdfService.java:[47,38] cannot find symbol
  symbol:   class Paragraph
  location: class com.wms.service.PdfService
[ERROR] /D:/SLIIT/WMS/src/main/java/com/wms/service/PdfService.java:[51,9] cannot find symbol
  symbol:   class Paragraph
  location: class com.wms.service.PdfService
[ERROR] /D:/SLIIT/WMS/src/main/java/com/wms/service/PdfService.java:[51,33] cannot find symbol
  symbol:   class Paragraph
  location: class com.wms.service.PdfService
[ERROR] /D:/SLIIT/WMS/src/main/java/com/wms/service/PdfService.java:[56,26] cannot find symbol
  symbol:   class Paragraph
  location: class com.wms.service.PdfService
[ERROR] /D:/SLIIT/WMS/src/main/java/com/wms/service/PdfService.java:[57,26] cannot find symbol
  symbol:   class Paragraph
  location: class com.wms.service.PdfService
[ERROR] /D:/SLIIT/WMS/src/main/java/com/wms/service/PdfService.java:[58,9] cannot find symbol
  symbol:   class Paragraph
  location: class com.wms.service.PdfService
[ERROR] /D:/SLIIT/WMS/src/main/java/com/wms/service/PdfService.java:[58,32] cannot find symbol
  symbol:   class Paragraph
  location: class com.wms.service.PdfService
[ERROR] /D:/SLIIT/WMS/src/main/java/com/wms/service/PdfService.java:[58,148] cannot find symbol
  symbol:   variable FontFactory
  location: class com.wms.service.PdfService
[ERROR] /D:/SLIIT/WMS/src/main/java/com/wms/service/PdfService.java:[58,128] cannot find symbol
  symbol:   variable FontFactory
  location: class com.wms.service.PdfService
[ERROR] /D:/SLIIT/WMS/src/main/java/com/wms/service/PdfService.java:[59,29] cannot find symbol
  symbol:   variable Paragraph
  location: class com.wms.service.PdfService
[ERROR] /D:/SLIIT/WMS/src/main/java/com/wms/service/PdfService.java:[66,9] cannot find symbol
  symbol:   class Document
  location: class com.wms.service.PdfService
[ERROR] /D:/SLIIT/WMS/src/main/java/com/wms/service/PdfService.java:[66,33] cannot find symbol
  symbol:   class Document
  location: class com.wms.service.PdfService
[ERROR] /D:/SLIIT/WMS/src/main/java/com/wms/service/PdfService.java:[66,42] cannot find symbol
  symbol:   variable PageSize
  location: class com.wms.service.PdfService
[ERROR] /D:/SLIIT/WMS/src/main/java/com/wms/service/PdfService.java:[67,9] cannot find symbol
  symbol:   variable PdfWriter
  location: class com.wms.service.PdfService
[ERROR] /D:/SLIIT/WMS/src/main/java/com/wms/service/PdfService.java:[72,9] cannot find symbol
  symbol:   class Font
  location: class com.wms.service.PdfService
[ERROR] /D:/SLIIT/WMS/src/main/java/com/wms/service/PdfService.java:[72,46] cannot find symbol
  symbol:   variable FontFactory
  location: class com.wms.service.PdfService
[ERROR] /D:/SLIIT/WMS/src/main/java/com/wms/service/PdfService.java:[72,26] cannot find symbol
  symbol:   variable FontFactory
  location: class com.wms.service.PdfService
[ERROR] /D:/SLIIT/WMS/src/main/java/com/wms/service/PdfService.java:[73,9] cannot find symbol
  symbol:   class Paragraph
  location: class com.wms.service.PdfService
[ERROR] /D:/SLIIT/WMS/src/main/java/com/wms/service/PdfService.java:[73,31] cannot find symbol
  symbol:   class Paragraph
  location: class com.wms.service.PdfService
[ERROR] /D:/SLIIT/WMS/src/main/java/com/wms/service/PdfService.java:[74,28] cannot find symbol
  symbol:   variable Paragraph
  location: class com.wms.service.PdfService
[ERROR] /D:/SLIIT/WMS/src/main/java/com/wms/service/PdfService.java:[77,9] cannot find symbol
  symbol:   class Paragraph
  location: class com.wms.service.PdfService
[ERROR] /D:/SLIIT/WMS/src/main/java/com/wms/service/PdfService.java:[77,34] cannot find symbol
  symbol:   class Paragraph
  location: class com.wms.service.PdfService
[ERROR] /D:/SLIIT/WMS/src/main/java/com/wms/service/PdfService.java:[77,100] cannot find symbol
  symbol:   variable FontFactory
  location: class com.wms.service.PdfService
[ERROR] /D:/SLIIT/WMS/src/main/java/com/wms/service/PdfService.java:[77,80] cannot find symbol
  symbol:   variable FontFactory
  location: class com.wms.service.PdfService
[ERROR] /D:/SLIIT/WMS/src/main/java/com/wms/service/PdfService.java:[78,31] cannot find symbol
  symbol:   variable Paragraph
  location: class com.wms.service.PdfService
[ERROR] /D:/SLIIT/WMS/src/main/java/com/wms/service/PdfService.java:[83,9] cannot find symbol
  symbol:   class Font
  location: class com.wms.service.PdfService
[ERROR] /D:/SLIIT/WMS/src/main/java/com/wms/service/PdfService.java:[83,47] cannot find symbol
  symbol:   variable FontFactory
  location: class com.wms.service.PdfService
[ERROR] /D:/SLIIT/WMS/src/main/java/com/wms/service/PdfService.java:[83,27] cannot find symbol
  symbol:   variable FontFactory
  location: class com.wms.service.PdfService
[ERROR] /D:/SLIIT/WMS/src/main/java/com/wms/service/PdfService.java:[84,9] cannot find symbol
  symbol:   class Paragraph
  location: class com.wms.service.PdfService
[ERROR] /D:/SLIIT/WMS/src/main/java/com/wms/service/PdfService.java:[84,32] cannot find symbol
  symbol:   class Paragraph
  location: class com.wms.service.PdfService
[ERROR] /D:/SLIIT/WMS/src/main/java/com/wms/service/PdfService.java:[85,29] cannot find symbol
  symbol:   variable Paragraph
  location: class com.wms.service.PdfService
[ERROR] /D:/SLIIT/WMS/src/main/java/com/wms/service/PdfService.java:[90,26] cannot find symbol
  symbol:   class Paragraph
  location: class com.wms.service.PdfService
[ERROR] /D:/SLIIT/WMS/src/main/java/com/wms/service/PdfService.java:[92,9] cannot find symbol
  symbol:   class Font
  location: class com.wms.service.PdfService
[ERROR] /D:/SLIIT/WMS/src/main/java/com/wms/service/PdfService.java:[92,46] cannot find symbol
  symbol:   variable FontFactory
  location: class com.wms.service.PdfService
[ERROR] /D:/SLIIT/WMS/src/main/java/com/wms/service/PdfService.java:[92,26] cannot find symbol
  symbol:   variable FontFactory
  location: class com.wms.service.PdfService
[ERROR] /D:/SLIIT/WMS/src/main/java/com/wms/service/PdfService.java:[93,9] cannot find symbol
  symbol:   class Font
  location: class com.wms.service.PdfService
[ERROR] /D:/SLIIT/WMS/src/main/java/com/wms/service/PdfService.java:[93,46] cannot find symbol
  symbol:   variable FontFactory
  location: class com.wms.service.PdfService
[ERROR] /D:/SLIIT/WMS/src/main/java/com/wms/service/PdfService.java:[93,26] cannot find symbol
  symbol:   variable FontFactory
  location: class com.wms.service.PdfService
[ERROR] /D:/SLIIT/WMS/src/main/java/com/wms/service/PdfService.java:[95,26] cannot find symbol
  symbol:   class Paragraph
  location: class com.wms.service.PdfService
[ERROR] /D:/SLIIT/WMS/src/main/java/com/wms/service/PdfService.java:[96,26] cannot find symbol
  symbol:   class Paragraph
  location: class com.wms.service.PdfService
[ERROR] /D:/SLIIT/WMS/src/main/java/com/wms/service/PdfService.java:[98,26] cannot find symbol
  symbol:   class Paragraph
  location: class com.wms.service.PdfService
[ERROR] /D:/SLIIT/WMS/src/main/java/com/wms/service/PdfService.java:[99,26] cannot find symbol
  symbol:   class Paragraph
  location: class com.wms.service.PdfService
[ERROR] /D:/SLIIT/WMS/src/main/java/com/wms/service/PdfService.java:[100,26] cannot find symbol
  symbol:   class Paragraph
  location: class com.wms.service.PdfService
[ERROR] /D:/SLIIT/WMS/src/main/java/com/wms/service/PdfService.java:[101,26] cannot find symbol
  symbol:   class Paragraph
  location: class com.wms.service.PdfService
[ERROR] /D:/SLIIT/WMS/src/main/java/com/wms/service/PdfService.java:[102,26] cannot find symbol
  symbol:   class Paragraph
  location: class com.wms.service.PdfService
[ERROR] /D:/SLIIT/WMS/src/main/java/com/wms/service/PdfService.java:[104,26] cannot find symbol
  symbol:   class Paragraph
  location: class com.wms.service.PdfService
[ERROR] /D:/SLIIT/WMS/src/main/java/com/wms/service/PdfService.java:[105,26] cannot find symbol
  symbol:   class Paragraph
  location: class com.wms.service.PdfService
[ERROR] /D:/SLIIT/WMS/src/main/java/com/wms/service/PdfService.java:[106,26] cannot find symbol
  symbol:   class Paragraph
  location: class com.wms.service.PdfService
[ERROR] /D:/SLIIT/WMS/src/main/java/com/wms/service/PdfService.java:[107,26] cannot find symbol
  symbol:   class Paragraph
  location: class com.wms.service.PdfService
[ERROR] /D:/SLIIT/WMS/src/main/java/com/wms/service/PdfService.java:[109,26] cannot find symbol
  symbol:   class Paragraph
  location: class com.wms.service.PdfService
[ERROR] /D:/SLIIT/WMS/src/main/java/com/wms/service/PdfService.java:[110,26] cannot find symbol
  symbol:   class Paragraph
  location: class com.wms.service.PdfService
[ERROR] /D:/SLIIT/WMS/src/main/java/com/wms/service/PdfService.java:[112,9] cannot find symbol
  symbol:   class Paragraph
  location: class com.wms.service.PdfService
[ERROR] /D:/SLIIT/WMS/src/main/java/com/wms/service/PdfService.java:[112,32] cannot find symbol
  symbol:   class Paragraph
  location: class com.wms.service.PdfService
[ERROR] /D:/SLIIT/WMS/src/main/java/com/wms/service/PdfService.java:[113,29] cannot find symbol
  symbol:   variable Paragraph
  location: class com.wms.service.PdfService
[INFO] 85 errors 
[INFO] -------------------------------------------------------------
[INFO] ------------------------------------------------------------------------
[INFO] BUILD FAILURE
[INFO] ------------------------------------------------------------------------
[INFO] Total time:  3.090 s
[INFO] Finished at: 2026-05-14T18:58:31+05:30
[INFO] ------------------------------------------------------------------------
[ERROR] Failed to execute goal org.apache.maven.plugins:maven-compiler-plugin:3.11.0:compile (default-compile) on project WMS: Compilation failure: Compilation failure: 
[ERROR] /D:/SLIIT/WMS/src/main/java/com/wms/service/PdfService.java:[4,28] package com.lowagie.text.pdf does not exist
[ERROR] /D:/SLIIT/WMS/src/main/java/com/wms/service/PdfService.java:[3,19] package com.lowagie.text does not exist
[ERROR] /D:/SLIIT/WMS/src/main/java/com/wms/service/PdfService.java:[15,9] cannot find symbol
[ERROR]   symbol:   class Document
[ERROR]   location: class com.wms.service.PdfService
[ERROR] /D:/SLIIT/WMS/src/main/java/com/wms/service/PdfService.java:[15,33] cannot find symbol
[ERROR]   symbol:   class Document
[ERROR]   location: class com.wms.service.PdfService
[ERROR] /D:/SLIIT/WMS/src/main/java/com/wms/service/PdfService.java:[15,42] cannot find symbol
[ERROR]   symbol:   variable PageSize
[ERROR]   location: class com.wms.service.PdfService
[ERROR] /D:/SLIIT/WMS/src/main/java/com/wms/service/PdfService.java:[16,9] cannot find symbol
[ERROR]   symbol:   variable PdfWriter
[ERROR]   location: class com.wms.service.PdfService
[ERROR] /D:/SLIIT/WMS/src/main/java/com/wms/service/PdfService.java:[21,9] cannot find symbol
[ERROR]   symbol:   class Font
[ERROR]   location: class com.wms.service.PdfService
[ERROR] /D:/SLIIT/WMS/src/main/java/com/wms/service/PdfService.java:[21,46] cannot find symbol
[ERROR]   symbol:   variable FontFactory
[ERROR]   location: class com.wms.service.PdfService
[ERROR] /D:/SLIIT/WMS/src/main/java/com/wms/service/PdfService.java:[21,26] cannot find symbol
[ERROR]   symbol:   variable FontFactory
[ERROR]   location: class com.wms.service.PdfService
[ERROR] /D:/SLIIT/WMS/src/main/java/com/wms/service/PdfService.java:[23,9] cannot find symbol
[ERROR]   symbol:   class Paragraph
[ERROR]   location: class com.wms.service.PdfService
[ERROR] /D:/SLIIT/WMS/src/main/java/com/wms/service/PdfService.java:[23,31] cannot find symbol
[ERROR]   symbol:   class Paragraph
[ERROR]   location: class com.wms.service.PdfService
[ERROR] /D:/SLIIT/WMS/src/main/java/com/wms/service/PdfService.java:[24,28] cannot find symbol
[ERROR]   symbol:   variable Paragraph
[ERROR]   location: class com.wms.service.PdfService
[ERROR] /D:/SLIIT/WMS/src/main/java/com/wms/service/PdfService.java:[27,9] cannot find symbol
[ERROR]   symbol:   class Paragraph
[ERROR]   location: class com.wms.service.PdfService
[ERROR] /D:/SLIIT/WMS/src/main/java/com/wms/service/PdfService.java:[27,34] cannot find symbol
[ERROR]   symbol:   class Paragraph
[ERROR]   location: class com.wms.service.PdfService
[ERROR] /D:/SLIIT/WMS/src/main/java/com/wms/service/PdfService.java:[27,92] cannot find symbol
[ERROR]   symbol:   variable FontFactory
[ERROR]   location: class com.wms.service.PdfService
[ERROR] /D:/SLIIT/WMS/src/main/java/com/wms/service/PdfService.java:[27,72] cannot find symbol
[ERROR]   symbol:   variable FontFactory
[ERROR]   location: class com.wms.service.PdfService
[ERROR] /D:/SLIIT/WMS/src/main/java/com/wms/service/PdfService.java:[28,31] cannot find symbol
[ERROR]   symbol:   variable Paragraph
[ERROR]   location: class com.wms.service.PdfService
[ERROR] /D:/SLIIT/WMS/src/main/java/com/wms/service/PdfService.java:[33,26] cannot find symbol
[ERROR]   symbol:   class Paragraph
[ERROR]   location: class com.wms.service.PdfService
[ERROR] /D:/SLIIT/WMS/src/main/java/com/wms/service/PdfService.java:[34,26] cannot find symbol
[ERROR]   symbol:   class Paragraph
[ERROR]   location: class com.wms.service.PdfService
[ERROR] /D:/SLIIT/WMS/src/main/java/com/wms/service/PdfService.java:[37,9] cannot find symbol
[ERROR]   symbol:   class Font
[ERROR]   location: class com.wms.service.PdfService
[ERROR] /D:/SLIIT/WMS/src/main/java/com/wms/service/PdfService.java:[37,46] cannot find symbol
[ERROR]   symbol:   variable FontFactory
[ERROR]   location: class com.wms.service.PdfService
[ERROR] /D:/SLIIT/WMS/src/main/java/com/wms/service/PdfService.java:[37,26] cannot find symbol
[ERROR]   symbol:   variable FontFactory
[ERROR]   location: class com.wms.service.PdfService
[ERROR] /D:/SLIIT/WMS/src/main/java/com/wms/service/PdfService.java:[38,9] cannot find symbol
[ERROR]   symbol:   class Font
[ERROR]   location: class com.wms.service.PdfService
[ERROR] /D:/SLIIT/WMS/src/main/java/com/wms/service/PdfService.java:[38,46] cannot find symbol
[ERROR]   symbol:   variable FontFactory
[ERROR]   location: class com.wms.service.PdfService
[ERROR] /D:/SLIIT/WMS/src/main/java/com/wms/service/PdfService.java:[38,26] cannot find symbol
[ERROR]   symbol:   variable FontFactory
[ERROR]   location: class com.wms.service.PdfService
[ERROR] /D:/SLIIT/WMS/src/main/java/com/wms/service/PdfService.java:[40,26] cannot find symbol
[ERROR]   symbol:   class Paragraph
[ERROR]   location: class com.wms.service.PdfService
[ERROR] /D:/SLIIT/WMS/src/main/java/com/wms/service/PdfService.java:[41,26] cannot find symbol
[ERROR]   symbol:   class Paragraph
[ERROR]   location: class com.wms.service.PdfService
[ERROR] /D:/SLIIT/WMS/src/main/java/com/wms/service/PdfService.java:[42,26] cannot find symbol
[ERROR]   symbol:   class Paragraph
[ERROR]   location: class com.wms.service.PdfService
[ERROR] /D:/SLIIT/WMS/src/main/java/com/wms/service/PdfService.java:[43,26] cannot find symbol
[ERROR]   symbol:   class Paragraph
[ERROR]   location: class com.wms.service.PdfService
[ERROR] /D:/SLIIT/WMS/src/main/java/com/wms/service/PdfService.java:[44,26] cannot find symbol
[ERROR]   symbol:   class Paragraph
[ERROR]   location: class com.wms.service.PdfService
[ERROR] /D:/SLIIT/WMS/src/main/java/com/wms/service/PdfService.java:[47,9] cannot find symbol
[ERROR]   symbol:   class Paragraph
[ERROR]   location: class com.wms.service.PdfService
[ERROR] /D:/SLIIT/WMS/src/main/java/com/wms/service/PdfService.java:[47,38] cannot find symbol
[ERROR]   symbol:   class Paragraph
[ERROR]   location: class com.wms.service.PdfService
[ERROR] /D:/SLIIT/WMS/src/main/java/com/wms/service/PdfService.java:[51,9] cannot find symbol
[ERROR]   symbol:   class Paragraph
[ERROR]   location: class com.wms.service.PdfService
[ERROR] /D:/SLIIT/WMS/src/main/java/com/wms/service/PdfService.java:[51,33] cannot find symbol
[ERROR]   symbol:   class Paragraph
[ERROR]   location: class com.wms.service.PdfService
[ERROR] /D:/SLIIT/WMS/src/main/java/com/wms/service/PdfService.java:[56,26] cannot find symbol
[ERROR]   symbol:   class Paragraph
[ERROR]   location: class com.wms.service.PdfService
[ERROR] /D:/SLIIT/WMS/src/main/java/com/wms/service/PdfService.java:[57,26] cannot find symbol
[ERROR]   symbol:   class Paragraph
[ERROR]   location: class com.wms.service.PdfService
[ERROR] /D:/SLIIT/WMS/src/main/java/com/wms/service/PdfService.java:[58,9] cannot find symbol
[ERROR]   symbol:   class Paragraph
[ERROR]   location: class com.wms.service.PdfService
[ERROR] /D:/SLIIT/WMS/src/main/java/com/wms/service/PdfService.java:[58,32] cannot find symbol
[ERROR]   symbol:   class Paragraph
[ERROR]   location: class com.wms.service.PdfService
[ERROR] /D:/SLIIT/WMS/src/main/java/com/wms/service/PdfService.java:[58,148] cannot find symbol
[ERROR]   symbol:   variable FontFactory
[ERROR]   location: class com.wms.service.PdfService
[ERROR] /D:/SLIIT/WMS/src/main/java/com/wms/service/PdfService.java:[58,128] cannot find symbol
[ERROR]   symbol:   variable FontFactory
[ERROR]   location: class com.wms.service.PdfService
[ERROR] /D:/SLIIT/WMS/src/main/java/com/wms/service/PdfService.java:[59,29] cannot find symbol
[ERROR]   symbol:   variable Paragraph
[ERROR]   location: class com.wms.service.PdfService
[ERROR] /D:/SLIIT/WMS/src/main/java/com/wms/service/PdfService.java:[66,9] cannot find symbol
[ERROR]   symbol:   class Document
[ERROR]   location: class com.wms.service.PdfService
[ERROR] /D:/SLIIT/WMS/src/main/java/com/wms/service/PdfService.java:[66,33] cannot find symbol
[ERROR]   symbol:   class Document
[ERROR]   location: class com.wms.service.PdfService
[ERROR] /D:/SLIIT/WMS/src/main/java/com/wms/service/PdfService.java:[66,42] cannot find symbol
[ERROR]   symbol:   variable PageSize
[ERROR]   location: class com.wms.service.PdfService
[ERROR] /D:/SLIIT/WMS/src/main/java/com/wms/service/PdfService.java:[67,9] cannot find symbol
[ERROR]   symbol:   variable PdfWriter
[ERROR]   location: class com.wms.service.PdfService
[ERROR] /D:/SLIIT/WMS/src/main/java/com/wms/service/PdfService.java:[72,9] cannot find symbol
[ERROR]   symbol:   class Font
[ERROR]   location: class com.wms.service.PdfService
[ERROR] /D:/SLIIT/WMS/src/main/java/com/wms/service/PdfService.java:[72,46] cannot find symbol
[ERROR]   symbol:   variable FontFactory
[ERROR]   location: class com.wms.service.PdfService
[ERROR] /D:/SLIIT/WMS/src/main/java/com/wms/service/PdfService.java:[72,26] cannot find symbol
[ERROR]   symbol:   variable FontFactory
[ERROR]   location: class com.wms.service.PdfService
[ERROR] /D:/SLIIT/WMS/src/main/java/com/wms/service/PdfService.java:[73,9] cannot find symbol
[ERROR]   symbol:   class Paragraph
[ERROR]   location: class com.wms.service.PdfService
[ERROR] /D:/SLIIT/WMS/src/main/java/com/wms/service/PdfService.java:[73,31] cannot find symbol
[ERROR]   symbol:   class Paragraph
[ERROR]   location: class com.wms.service.PdfService
[ERROR] /D:/SLIIT/WMS/src/main/java/com/wms/service/PdfService.java:[74,28] cannot find symbol
[ERROR]   symbol:   variable Paragraph
[ERROR]   location: class com.wms.service.PdfService
[ERROR] /D:/SLIIT/WMS/src/main/java/com/wms/service/PdfService.java:[77,9] cannot find symbol
[ERROR]   symbol:   class Paragraph
[ERROR]   location: class com.wms.service.PdfService
[ERROR] /D:/SLIIT/WMS/src/main/java/com/wms/service/PdfService.java:[77,34] cannot find symbol
[ERROR]   symbol:   class Paragraph
[ERROR]   location: class com.wms.service.PdfService
[ERROR] /D:/SLIIT/WMS/src/main/java/com/wms/service/PdfService.java:[77,100] cannot find symbol
[ERROR]   symbol:   variable FontFactory
[ERROR]   location: class com.wms.service.PdfService
[ERROR] /D:/SLIIT/WMS/src/main/java/com/wms/service/PdfService.java:[77,80] cannot find symbol
[ERROR]   symbol:   variable FontFactory
[ERROR]   location: class com.wms.service.PdfService
[ERROR] /D:/SLIIT/WMS/src/main/java/com/wms/service/PdfService.java:[78,31] cannot find symbol
[ERROR]   symbol:   variable Paragraph
[ERROR]   location: class com.wms.service.PdfService
[ERROR] /D:/SLIIT/WMS/src/main/java/com/wms/service/PdfService.java:[83,9] cannot find symbol
[ERROR]   symbol:   class Font
[ERROR]   location: class com.wms.service.PdfService
[ERROR] /D:/SLIIT/WMS/src/main/java/com/wms/service/PdfService.java:[83,47] cannot find symbol
[ERROR]   symbol:   variable FontFactory
[ERROR]   location: class com.wms.service.PdfService
[ERROR] /D:/SLIIT/WMS/src/main/java/com/wms/service/PdfService.java:[83,27] cannot find symbol
[ERROR]   symbol:   variable FontFactory
[ERROR]   location: class com.wms.service.PdfService
[ERROR] /D:/SLIIT/WMS/src/main/java/com/wms/service/PdfService.java:[84,9] cannot find symbol
[ERROR]   symbol:   class Paragraph
[ERROR]   location: class com.wms.service.PdfService
[ERROR] /D:/SLIIT/WMS/src/main/java/com/wms/service/PdfService.java:[84,32] cannot find symbol
[ERROR]   symbol:   class Paragraph
[ERROR]   location: class com.wms.service.PdfService
[ERROR] /D:/SLIIT/WMS/src/main/java/com/wms/service/PdfService.java:[85,29] cannot find symbol
[ERROR]   symbol:   variable Paragraph
[ERROR]   location: class com.wms.service.PdfService
[ERROR] /D:/SLIIT/WMS/src/main/java/com/wms/service/PdfService.java:[90,26] cannot find symbol
[ERROR]   symbol:   class Paragraph
[ERROR]   location: class com.wms.service.PdfService
[ERROR] /D:/SLIIT/WMS/src/main/java/com/wms/service/PdfService.java:[92,9] cannot find symbol
[ERROR]   symbol:   class Font
[ERROR]   location: class com.wms.service.PdfService
[ERROR] /D:/SLIIT/WMS/src/main/java/com/wms/service/PdfService.java:[92,46] cannot find symbol
[ERROR]   symbol:   variable FontFactory
[ERROR]   location: class com.wms.service.PdfService
[ERROR] /D:/SLIIT/WMS/src/main/java/com/wms/service/PdfService.java:[92,26] cannot find symbol
[ERROR]   symbol:   variable FontFactory
[ERROR]   location: class com.wms.service.PdfService
[ERROR] /D:/SLIIT/WMS/src/main/java/com/wms/service/PdfService.java:[93,9] cannot find symbol
[ERROR]   symbol:   class Font
[ERROR]   location: class com.wms.service.PdfService
[ERROR] /D:/SLIIT/WMS/src/main/java/com/wms/service/PdfService.java:[93,46] cannot find symbol
[ERROR]   symbol:   variable FontFactory
[ERROR]   location: class com.wms.service.PdfService
[ERROR] /D:/SLIIT/WMS/src/main/java/com/wms/service/PdfService.java:[93,26] cannot find symbol
[ERROR]   symbol:   variable FontFactory
[ERROR]   location: class com.wms.service.PdfService
[ERROR] /D:/SLIIT/WMS/src/main/java/com/wms/service/PdfService.java:[95,26] cannot find symbol
[ERROR]   symbol:   class Paragraph
[ERROR]   location: class com.wms.service.PdfService
[ERROR] /D:/SLIIT/WMS/src/main/java/com/wms/service/PdfService.java:[96,26] cannot find symbol
[ERROR]   symbol:   class Paragraph
[ERROR]   location: class com.wms.service.PdfService
[ERROR] /D:/SLIIT/WMS/src/main/java/com/wms/service/PdfService.java:[98,26] cannot find symbol
[ERROR]   symbol:   class Paragraph
[ERROR]   location: class com.wms.service.PdfService
[ERROR] /D:/SLIIT/WMS/src/main/java/com/wms/service/PdfService.java:[99,26] cannot find symbol
[ERROR]   symbol:   class Paragraph
[ERROR]   location: class com.wms.service.PdfService
[ERROR] /D:/SLIIT/WMS/src/main/java/com/wms/service/PdfService.java:[100,26] cannot find symbol
[ERROR]   symbol:   class Paragraph
[ERROR]   location: class com.wms.service.PdfService
[ERROR] /D:/SLIIT/WMS/src/main/java/com/wms/service/PdfService.java:[101,26] cannot find symbol
[ERROR]   symbol:   class Paragraph
[ERROR]   location: class com.wms.service.PdfService
[ERROR] /D:/SLIIT/WMS/src/main/java/com/wms/service/PdfService.java:[102,26] cannot find symbol
[ERROR]   symbol:   class Paragraph
[ERROR]   location: class com.wms.service.PdfService
[ERROR] /D:/SLIIT/WMS/src/main/java/com/wms/service/PdfService.java:[104,26] cannot find symbol
[ERROR]   symbol:   class Paragraph
[ERROR]   location: class com.wms.service.PdfService
[ERROR] /D:/SLIIT/WMS/src/main/java/com/wms/service/PdfService.java:[105,26] cannot find symbol
[ERROR]   symbol:   class Paragraph
[ERROR]   location: class com.wms.service.PdfService
[ERROR] /D:/SLIIT/WMS/src/main/java/com/wms/service/PdfService.java:[106,26] cannot find symbol
[ERROR]   symbol:   class Paragraph
[ERROR]   location: class com.wms.service.PdfService
[ERROR] /D:/SLIIT/WMS/src/main/java/com/wms/service/PdfService.java:[107,26] cannot find symbol
[ERROR]   symbol:   class Paragraph
[ERROR]   location: class com.wms.service.PdfService
[ERROR] /D:/SLIIT/WMS/src/main/java/com/wms/service/PdfService.java:[109,26] cannot find symbol
[ERROR]   symbol:   class Paragraph
[ERROR]   location: class com.wms.service.PdfService
[ERROR] /D:/SLIIT/WMS/src/main/java/com/wms/service/PdfService.java:[110,26] cannot find symbol
[ERROR]   symbol:   class Paragraph
[ERROR]   location: class com.wms.service.PdfService
[ERROR] /D:/SLIIT/WMS/src/main/java/com/wms/service/PdfService.java:[112,9] cannot find symbol
[ERROR]   symbol:   class Paragraph
[ERROR]   location: class com.wms.service.PdfService
[ERROR] /D:/SLIIT/WMS/src/main/java/com/wms/service/PdfService.java:[112,32] cannot find symbol
[ERROR]   symbol:   class Paragraph
[ERROR]   location: class com.wms.service.PdfService
[ERROR] /D:/SLIIT/WMS/src/main/java/com/wms/service/PdfService.java:[113,29] cannot find symbol
[ERROR]   symbol:   variable Paragraph
[ERROR]   location: class com.wms.service.PdfService
[ERROR] -> [Help 1]
[ERROR] 
[ERROR] To see the full stack trace of the errors, re-run Maven with the -e switch.
[ERROR] Re-run Maven using the -X switch to enable full debug logging.
[ERROR] 
[ERROR] For more information about the errors and possible solutions, please read the following articles:
[ERROR] [Help 1] http://cwiki.apache.org/confluence/display/MAVEN/MojoFailureException
